
         /\      Grafana   /‾‾/  
    /\  /  \     |\  __   /  /   
   /  \/    \    | |/ /  /   ‾‾\ 
  /          \   |   (  |  (‾)  |
 / __________ \  |_|\_\  \_____/ 


     execution: local
        script: e2e/perf/k6/hot-sku-burst.js
        output: -

     scenarios: (100.00%) 1 scenario, 1000 max VUs, 2m30s max duration (incl. graceful stop):
              * hot_sku_burst: 1 iterations for each of 1000 VUs (maxDuration: 2m0s, gracefulStop: 30s)


running (0m01.0s), 1000/1000 VUs, 0 complete and 0 interrupted iterations
hot_sku_burst   [   0% ] 1000 VUs  0m01.0s/2m0s  0000/1000 iters, 1 per VU

running (0m02.0s), 0999/1000 VUs, 1 complete and 0 interrupted iterations
hot_sku_burst   [   0% ] 1000 VUs  0m02.0s/2m0s  0001/1000 iters, 1 per VU

running (0m03.0s), 0996/1000 VUs, 4 complete and 0 interrupted iterations
hot_sku_burst   [   0% ] 1000 VUs  0m03.0s/2m0s  0004/1000 iters, 1 per VU

running (0m04.0s), 0993/1000 VUs, 7 complete and 0 interrupted iterations
hot_sku_burst   [   1% ] 1000 VUs  0m04.0s/2m0s  0007/1000 iters, 1 per VU

running (0m05.0s), 0990/1000 VUs, 10 complete and 0 interrupted iterations
hot_sku_burst   [   1% ] 1000 VUs  0m05.0s/2m0s  0010/1000 iters, 1 per VU

running (0m06.0s), 0987/1000 VUs, 13 complete and 0 interrupted iterations
hot_sku_burst   [   1% ] 1000 VUs  0m06.0s/2m0s  0013/1000 iters, 1 per VU

running (0m07.0s), 0983/1000 VUs, 17 complete and 0 interrupted iterations
hot_sku_burst   [   2% ] 1000 VUs  0m07.0s/2m0s  0017/1000 iters, 1 per VU

running (0m08.0s), 0980/1000 VUs, 20 complete and 0 interrupted iterations
hot_sku_burst   [   2% ] 1000 VUs  0m08.0s/2m0s  0020/1000 iters, 1 per VU

running (0m09.0s), 0977/1000 VUs, 23 complete and 0 interrupted iterations
hot_sku_burst   [   2% ] 1000 VUs  0m09.0s/2m0s  0023/1000 iters, 1 per VU

running (0m10.0s), 0974/1000 VUs, 26 complete and 0 interrupted iterations
hot_sku_burst   [   3% ] 1000 VUs  0m10.0s/2m0s  0026/1000 iters, 1 per VU

running (0m11.0s), 0970/1000 VUs, 30 complete and 0 interrupted iterations
hot_sku_burst   [   3% ] 1000 VUs  0m11.0s/2m0s  0030/1000 iters, 1 per VU

running (0m12.0s), 0967/1000 VUs, 33 complete and 0 interrupted iterations
hot_sku_burst   [   3% ] 1000 VUs  0m12.0s/2m0s  0033/1000 iters, 1 per VU

running (0m13.0s), 0964/1000 VUs, 36 complete and 0 interrupted iterations
hot_sku_burst   [   4% ] 1000 VUs  0m13.0s/2m0s  0036/1000 iters, 1 per VU

running (0m14.0s), 0961/1000 VUs, 39 complete and 0 interrupted iterations
hot_sku_burst   [   4% ] 1000 VUs  0m14.0s/2m0s  0039/1000 iters, 1 per VU

running (0m15.0s), 0958/1000 VUs, 42 complete and 0 interrupted iterations
hot_sku_burst   [   4% ] 1000 VUs  0m15.0s/2m0s  0042/1000 iters, 1 per VU

running (0m16.0s), 0954/1000 VUs, 46 complete and 0 interrupted iterations
hot_sku_burst   [   5% ] 1000 VUs  0m16.0s/2m0s  0046/1000 iters, 1 per VU

running (0m17.0s), 0951/1000 VUs, 49 complete and 0 interrupted iterations
hot_sku_burst   [   5% ] 1000 VUs  0m17.0s/2m0s  0049/1000 iters, 1 per VU

running (0m18.0s), 0948/1000 VUs, 52 complete and 0 interrupted iterations
hot_sku_burst   [   5% ] 1000 VUs  0m18.0s/2m0s  0052/1000 iters, 1 per VU

running (0m19.0s), 0945/1000 VUs, 55 complete and 0 interrupted iterations
hot_sku_burst   [   6% ] 1000 VUs  0m19.0s/2m0s  0055/1000 iters, 1 per VU

running (0m20.0s), 0942/1000 VUs, 58 complete and 0 interrupted iterations
hot_sku_burst   [   6% ] 1000 VUs  0m20.0s/2m0s  0058/1000 iters, 1 per VU

running (0m21.0s), 0938/1000 VUs, 62 complete and 0 interrupted iterations
hot_sku_burst   [   6% ] 1000 VUs  0m21.0s/2m0s  0062/1000 iters, 1 per VU

running (0m22.0s), 0938/1000 VUs, 62 complete and 0 interrupted iterations
hot_sku_burst   [   6% ] 1000 VUs  0m22.0s/2m0s  0062/1000 iters, 1 per VU

running (0m23.0s), 0938/1000 VUs, 62 complete and 0 interrupted iterations
hot_sku_burst   [   6% ] 1000 VUs  0m23.0s/2m0s  0062/1000 iters, 1 per VU

running (0m24.0s), 0938/1000 VUs, 62 complete and 0 interrupted iterations
hot_sku_burst   [   6% ] 1000 VUs  0m24.0s/2m0s  0062/1000 iters, 1 per VU

running (0m25.0s), 0935/1000 VUs, 65 complete and 0 interrupted iterations
hot_sku_burst   [   6% ] 1000 VUs  0m25.0s/2m0s  0065/1000 iters, 1 per VU

running (0m26.0s), 0932/1000 VUs, 68 complete and 0 interrupted iterations
hot_sku_burst   [   7% ] 1000 VUs  0m26.0s/2m0s  0068/1000 iters, 1 per VU

running (0m27.0s), 0929/1000 VUs, 71 complete and 0 interrupted iterations
hot_sku_burst   [   7% ] 1000 VUs  0m27.0s/2m0s  0071/1000 iters, 1 per VU

running (0m28.0s), 0926/1000 VUs, 74 complete and 0 interrupted iterations
hot_sku_burst   [   7% ] 1000 VUs  0m28.0s/2m0s  0074/1000 iters, 1 per VU

running (0m29.0s), 0923/1000 VUs, 77 complete and 0 interrupted iterations
hot_sku_burst   [   8% ] 1000 VUs  0m29.0s/2m0s  0077/1000 iters, 1 per VU

running (0m30.0s), 0919/1000 VUs, 81 complete and 0 interrupted iterations
hot_sku_burst   [   8% ] 1000 VUs  0m30.0s/2m0s  0081/1000 iters, 1 per VU

running (0m31.0s), 0916/1000 VUs, 84 complete and 0 interrupted iterations
hot_sku_burst   [   8% ] 1000 VUs  0m31.0s/2m0s  0084/1000 iters, 1 per VU

running (0m32.0s), 0913/1000 VUs, 87 complete and 0 interrupted iterations
hot_sku_burst   [   9% ] 1000 VUs  0m32.0s/2m0s  0087/1000 iters, 1 per VU

running (0m33.0s), 0910/1000 VUs, 90 complete and 0 interrupted iterations
hot_sku_burst   [   9% ] 1000 VUs  0m33.0s/2m0s  0090/1000 iters, 1 per VU

running (0m34.0s), 0907/1000 VUs, 93 complete and 0 interrupted iterations
hot_sku_burst   [   9% ] 1000 VUs  0m34.0s/2m0s  0093/1000 iters, 1 per VU

running (0m35.0s), 0904/1000 VUs, 96 complete and 0 interrupted iterations
hot_sku_burst   [  10% ] 1000 VUs  0m35.0s/2m0s  0096/1000 iters, 1 per VU

running (0m36.0s), 0900/1000 VUs, 100 complete and 0 interrupted iterations
hot_sku_burst   [  10% ] 1000 VUs  0m36.0s/2m0s  0100/1000 iters, 1 per VU

running (0m37.0s), 0897/1000 VUs, 103 complete and 0 interrupted iterations
hot_sku_burst   [  10% ] 1000 VUs  0m37.0s/2m0s  0103/1000 iters, 1 per VU

running (0m38.0s), 0894/1000 VUs, 106 complete and 0 interrupted iterations
hot_sku_burst   [  11% ] 1000 VUs  0m38.0s/2m0s  0106/1000 iters, 1 per VU

running (0m39.0s), 0891/1000 VUs, 109 complete and 0 interrupted iterations
hot_sku_burst   [  11% ] 1000 VUs  0m39.0s/2m0s  0109/1000 iters, 1 per VU

running (0m40.0s), 0887/1000 VUs, 113 complete and 0 interrupted iterations
hot_sku_burst   [  11% ] 1000 VUs  0m40.0s/2m0s  0113/1000 iters, 1 per VU

running (0m41.0s), 0884/1000 VUs, 116 complete and 0 interrupted iterations
hot_sku_burst   [  12% ] 1000 VUs  0m41.0s/2m0s  0116/1000 iters, 1 per VU

running (0m42.0s), 0881/1000 VUs, 119 complete and 0 interrupted iterations
hot_sku_burst   [  12% ] 1000 VUs  0m42.0s/2m0s  0119/1000 iters, 1 per VU

running (0m43.0s), 0878/1000 VUs, 122 complete and 0 interrupted iterations
hot_sku_burst   [  12% ] 1000 VUs  0m43.0s/2m0s  0122/1000 iters, 1 per VU

running (0m44.0s), 0874/1000 VUs, 126 complete and 0 interrupted iterations
hot_sku_burst   [  13% ] 1000 VUs  0m44.0s/2m0s  0126/1000 iters, 1 per VU

running (0m45.0s), 0871/1000 VUs, 129 complete and 0 interrupted iterations
hot_sku_burst   [  13% ] 1000 VUs  0m45.0s/2m0s  0129/1000 iters, 1 per VU

running (0m46.0s), 0868/1000 VUs, 132 complete and 0 interrupted iterations
hot_sku_burst   [  13% ] 1000 VUs  0m46.0s/2m0s  0132/1000 iters, 1 per VU

running (0m47.0s), 0865/1000 VUs, 135 complete and 0 interrupted iterations
hot_sku_burst   [  14% ] 1000 VUs  0m47.0s/2m0s  0135/1000 iters, 1 per VU

running (0m48.0s), 0862/1000 VUs, 138 complete and 0 interrupted iterations
hot_sku_burst   [  14% ] 1000 VUs  0m48.0s/2m0s  0138/1000 iters, 1 per VU

running (0m49.0s), 0858/1000 VUs, 142 complete and 0 interrupted iterations
hot_sku_burst   [  14% ] 1000 VUs  0m49.0s/2m0s  0142/1000 iters, 1 per VU

running (0m50.0s), 0855/1000 VUs, 145 complete and 0 interrupted iterations
hot_sku_burst   [  14% ] 1000 VUs  0m50.0s/2m0s  0145/1000 iters, 1 per VU

running (0m51.0s), 0852/1000 VUs, 148 complete and 0 interrupted iterations
hot_sku_burst   [  15% ] 1000 VUs  0m51.0s/2m0s  0148/1000 iters, 1 per VU

running (0m52.0s), 0849/1000 VUs, 151 complete and 0 interrupted iterations
hot_sku_burst   [  15% ] 1000 VUs  0m52.0s/2m0s  0151/1000 iters, 1 per VU

running (0m53.0s), 0845/1000 VUs, 155 complete and 0 interrupted iterations
hot_sku_burst   [  16% ] 1000 VUs  0m53.0s/2m0s  0155/1000 iters, 1 per VU

running (0m54.0s), 0842/1000 VUs, 158 complete and 0 interrupted iterations
hot_sku_burst   [  16% ] 1000 VUs  0m54.0s/2m0s  0158/1000 iters, 1 per VU

running (0m55.0s), 0839/1000 VUs, 161 complete and 0 interrupted iterations
hot_sku_burst   [  16% ] 1000 VUs  0m55.0s/2m0s  0161/1000 iters, 1 per VU

running (0m56.0s), 0836/1000 VUs, 164 complete and 0 interrupted iterations
hot_sku_burst   [  16% ] 1000 VUs  0m56.0s/2m0s  0164/1000 iters, 1 per VU

running (0m57.0s), 0833/1000 VUs, 167 complete and 0 interrupted iterations
hot_sku_burst   [  17% ] 1000 VUs  0m57.0s/2m0s  0167/1000 iters, 1 per VU

running (0m58.0s), 0829/1000 VUs, 171 complete and 0 interrupted iterations
hot_sku_burst   [  17% ] 1000 VUs  0m58.0s/2m0s  0171/1000 iters, 1 per VU

running (0m59.0s), 0826/1000 VUs, 174 complete and 0 interrupted iterations
hot_sku_burst   [  17% ] 1000 VUs  0m59.0s/2m0s  0174/1000 iters, 1 per VU

running (1m00.0s), 0823/1000 VUs, 177 complete and 0 interrupted iterations
hot_sku_burst   [  18% ] 1000 VUs  1m00.0s/2m0s  0177/1000 iters, 1 per VU


  █ TOTAL RESULTS 

    checks_total.......: 1000    16.530102/s
    checks_succeeded...: 100.00% 1000 out of 1000
    checks_failed......: 0.00%   0 out of 1000

    ✓ order placed (200)

    CUSTOM
    order_allocated_total..........: 178    2.942358/s
    order_decision_latency_ms......: avg=30.96s  min=305ms med=32.11s max=59.46s p(90)=54.01s  p(95)=56.74s  p(99)=58.92s  
    order_decision_timeout_total...: 822    13.587744/s

    HTTP
    http_req_duration..............: avg=10.32ms min=288µs med=1.18ms max=1.28s  p(90)=20.23ms p(95)=47.46ms p(99)=180.55ms
      { expected_response:true }...: avg=10.32ms min=288µs med=1.18ms max=1.28s  p(90)=20.23ms p(95)=47.46ms p(99)=180.55ms
    http_req_failed................: 0.00%  0 out of 499364
    http_reqs......................: 499364 8254.537782/s

    EXECUTION
    iteration_duration.............: avg=55.14s  min=1.74s med=1m0s   max=1m0s   p(90)=1m0s    p(95)=1m0s    p(99)=1m0s    
    iterations.....................: 1000   16.530102/s
    vus............................: 823    min=823         max=1000
    vus_max........................: 1000   min=1000        max=1000

    NETWORK
    data_received..................: 156 MB 2.6 MB/s
    data_sent......................: 56 MB  933 kB/s




running (1m00.5s), 0000/1000 VUs, 1000 complete and 0 interrupted iterations
hot_sku_burst ✓ [ 100% ] 1000 VUs  1m00.5s/2m0s  1000/1000 iters, 1 per VU
