  █ THRESHOLDS 

    checks
    ✓ 'rate==1.0' rate=100.00%

    order_allocated_total
    ✓ 'count<=500' count=500

    order_decision_latency_ms
    ✓ 'p(99)<10000' p(99)=4.5s

    order_decision_timeout_total
    ✓ 'count==0' count=0


  █ TOTAL RESULTS 

    checks_total.......: 1000    190.994823/s
    checks_succeeded...: 100.00% 1000 out of 1000
    checks_failed......: 0.00%   0 out of 1000

    ✓ order placed (200)

    CUSTOM
    order_allocated_total..........: 500    95.497412/s
    order_backordered_total........: 500    95.497412/s
    order_decision_latency_ms......: avg=2.89s   min=905ms med=2.5s  max=4.51s    p(90)=4.49s   p(95)=4.5s     p(99)=4.5s    
    order_decision_timeout_total...: 0      0/s

    HTTP
    http_req_duration..............: avg=22.15ms min=307µs med=885µs max=495.52ms p(90)=26.76ms p(95)=215.61ms p(99)=357.62ms
      { expected_response:true }...: avg=22.15ms min=307µs med=885µs max=495.52ms p(90)=26.76ms p(95)=215.61ms p(99)=357.62ms
    http_req_failed................: 0.00%  0 out of 27844
    http_reqs......................: 27844  5318.059859/s

    EXECUTION
    iteration_duration.............: avg=3.34s   min=1.01s med=3.11s max=5.22s    p(90)=5.01s   p(95)=5.06s    p(99)=5.15s   
    iterations.....................: 1000   190.994823/s
    vus............................: 131    min=131        max=1000
    vus_max........................: 1000   min=1000       max=1000

    NETWORK
    data_received..................: 8.6 MB 1.6 MB/s
    data_sent......................: 3.2 MB 610 kB/s




running (0m05.2s), 0000/1000 VUs, 1000 complete and 0 interrupted iterations
hot_sku_burst ✓ [ 100% ] 1000 VUs  0m05.2s/2m0s  1000/1000 iters, 1 per VU

結果存到 /Users/zhenghongjiang/dev/flowzati/archone/e2e/perf/k6/results/hot-sku-burst-v1.json
驗證衝突率／DB 狀態：./e2e/perf/run.sh verify HOT-SKU
